// Jest Snapshot v1, https://goo.gl/fbAQLP

exports[`components >>>SectionHeader --- Snapshot +++capturing Snapshot of Home 1`] = `
<div
  className="section-header"
>
  <div
    className="heading-red-sm"
  >
    someHeading
  </div>
  <div
    className="close-container"
    onClick={[Function]}
  >
    <h2>
      Close
    </h2>
    <span
      className="close"
    />
  </div>
</div>
`;
